2026-01-07 15:10:28,797 - run_single_tgcn - INFO - Running model: tgcn
2026-01-07 15:10:28,798 - run_single_tgcn - INFO - Device: cpu
2026-01-07 15:10:28,798 - run_single_tgcn - INFO - Creating dataloaders...
2026-01-07 15:10:28,878 - run_single_tgcn - INFO - Building graph...
2026-01-07 15:10:28,884 - run_single_tgcn - INFO - Adj shape: (207, 207)
2026-01-07 15:10:28,885 - run_single_tgcn - INFO - Adj min/max: 0.000000 / 1.000000
2026-01-07 15:10:28,885 - run_single_tgcn - INFO - Creating model...
2026-01-07 15:10:28,886 - run_single_tgcn - INFO - LOS dataset: 207 nodes, 1 features
2026-01-07 15:10:28,887 - run_single_tgcn - INFO - Model parameters: 65
2026-01-07 15:10:29,552 - run_single_tgcn - INFO - Starting training...
2026-01-07 15:10:29,552 - run_single_tgcn - INFO - Starting training for 100 epochs
2026-01-07 15:10:42,160 - run_single_tgcn - INFO - Epoch 1/100 - Train Loss: 0.025003, Val Loss: 0.012398, Val MAE: 0.085898, Val RMSE: 0.111331, Val MAPE: 1145.048096, Time: 12.61s
2026-01-07 15:10:54,329 - run_single_tgcn - INFO - Epoch 2/100 - Train Loss: 0.008095, Val Loss: 0.004773, Val MAE: 0.053844, Val RMSE: 0.069080, Val MAPE: 720.077820, Time: 12.16s
2026-01-07 15:11:06,474 - run_single_tgcn - INFO - Epoch 3/100 - Train Loss: 0.003264, Val Loss: 0.002019, Val MAE: 0.034967, Val RMSE: 0.044940, Val MAPE: 467.584473, Time: 12.14s
2026-01-07 15:11:22,503 - run_single_tgcn - INFO - Epoch 4/100 - Train Loss: 0.001411, Val Loss: 0.000898, Val MAE: 0.023297, Val RMSE: 0.029985, Val MAPE: 311.168488, Time: 16.03s
2026-01-07 15:11:40,154 - run_single_tgcn - INFO - Epoch 5/100 - Train Loss: 0.000650, Val Loss: 0.000433, Val MAE: 0.016346, Val RMSE: 0.020829, Val MAPE: 217.835648, Time: 17.64s
2026-01-07 15:11:57,574 - run_single_tgcn - INFO - Epoch 6/100 - Train Loss: 0.000330, Val Loss: 0.000232, Val MAE: 0.012025, Val RMSE: 0.015253, Val MAPE: 160.017014, Time: 17.41s
2026-01-07 15:12:15,131 - run_single_tgcn - INFO - Epoch 7/100 - Train Loss: 0.000188, Val Loss: 0.000139, Val MAE: 0.009282, Val RMSE: 0.011814, Val MAPE: 123.207581, Time: 17.55s
2026-01-07 15:12:32,673 - run_single_tgcn - INFO - Epoch 8/100 - Train Loss: 0.000119, Val Loss: 0.000092, Val MAE: 0.007499, Val RMSE: 0.009612, Val MAPE: 99.354248, Time: 17.54s
2026-01-07 15:12:50,047 - run_single_tgcn - INFO - Epoch 9/100 - Train Loss: 0.000083, Val Loss: 0.000066, Val MAE: 0.006297, Val RMSE: 0.008152, Val MAPE: 83.194847, Time: 17.37s
2026-01-07 15:13:07,212 - run_single_tgcn - INFO - Epoch 10/100 - Train Loss: 0.000062, Val Loss: 0.000051, Val MAE: 0.005448, Val RMSE: 0.007147, Val MAPE: 71.364746, Time: 17.17s
2026-01-07 15:13:24,259 - run_single_tgcn - INFO - Epoch 11/100 - Train Loss: 0.000049, Val Loss: 0.000040, Val MAE: 0.004810, Val RMSE: 0.006341, Val MAPE: 62.946247, Time: 17.05s
2026-01-07 15:13:41,159 - run_single_tgcn - INFO - Epoch 12/100 - Train Loss: 0.000039, Val Loss: 0.000033, Val MAE: 0.004336, Val RMSE: 0.005711, Val MAPE: 56.821304, Time: 16.90s
2026-01-07 15:13:57,425 - run_single_tgcn - INFO - Epoch 13/100 - Train Loss: 0.000032, Val Loss: 0.000027, Val MAE: 0.003918, Val RMSE: 0.005192, Val MAPE: 50.818893, Time: 16.26s
2026-01-07 15:14:13,417 - run_single_tgcn - INFO - Epoch 14/100 - Train Loss: 0.000027, Val Loss: 0.000023, Val MAE: 0.003610, Val RMSE: 0.004786, Val MAPE: 46.446907, Time: 15.99s
2026-01-07 15:14:29,483 - run_single_tgcn - INFO - Epoch 15/100 - Train Loss: 0.000023, Val Loss: 0.000019, Val MAE: 0.003309, Val RMSE: 0.004372, Val MAPE: 42.715153, Time: 16.06s
2026-01-07 15:14:45,900 - run_single_tgcn - INFO - Epoch 16/100 - Train Loss: 0.000020, Val Loss: 0.000016, Val MAE: 0.003046, Val RMSE: 0.004062, Val MAPE: 38.738113, Time: 16.42s
2026-01-07 15:15:01,924 - run_single_tgcn - INFO - Epoch 17/100 - Train Loss: 0.000017, Val Loss: 0.000014, Val MAE: 0.002851, Val RMSE: 0.003786, Val MAPE: 36.250835, Time: 16.02s
2026-01-07 15:15:18,009 - run_single_tgcn - INFO - Epoch 18/100 - Train Loss: 0.000015, Val Loss: 0.000012, Val MAE: 0.002649, Val RMSE: 0.003514, Val MAPE: 33.641205, Time: 16.08s
2026-01-07 15:15:18,010 - run_single_tgcn - INFO - Early stopping at epoch 18
2026-01-07 15:15:18,010 - run_single_tgcn - INFO - Training completed. Best val loss: 0.000092
2026-01-07 15:15:18,010 - run_single_tgcn - INFO - Total training time: 0h 4m 48s (288.46s)
2026-01-07 15:15:18,014 - run_single_tgcn - INFO - Loaded checkpoint from epoch 8
2026-01-07 15:15:18,014 - run_single_tgcn - INFO - Loaded best model for evaluation
2026-01-07 15:15:18,014 - run_single_tgcn - INFO - Evaluating on test set...
2026-01-07 15:15:18,184 - run_single_tgcn - INFO - pred(norm) range: -0.043 ~ 0.034
2026-01-07 15:15:18,185 - run_single_tgcn - INFO - pred(real) range: -143.305 ~ 299.602
2026-01-07 15:15:18,186 - run_single_tgcn - INFO - y(real) range: 8.667 ~ 70.000
2026-01-07 15:15:18,345 - run_single_tgcn - INFO - pred(norm) range: -0.042 ~ 0.031
2026-01-07 15:15:18,346 - run_single_tgcn - INFO - pred(real) range: -138.903 ~ 283.466
2026-01-07 15:15:18,347 - run_single_tgcn - INFO - y(real) range: 8.667 ~ 70.000
2026-01-07 15:15:18,501 - run_single_tgcn - INFO - pred(norm) range: -0.042 ~ 0.029
2026-01-07 15:15:18,502 - run_single_tgcn - INFO - pred(real) range: -139.387 ~ 273.892
2026-01-07 15:15:18,503 - run_single_tgcn - INFO - y(real) range: 5.556 ~ 70.000
2026-01-07 15:15:18,655 - run_single_tgcn - INFO - pred(norm) range: -0.043 ~ 0.030
2026-01-07 15:15:18,656 - run_single_tgcn - INFO - pred(real) range: -143.338 ~ 278.649
2026-01-07 15:15:18,657 - run_single_tgcn - INFO - y(real) range: 2.000 ~ 70.000
2026-01-07 15:15:18,821 - run_single_tgcn - INFO - pred(norm) range: -0.044 ~ 0.030
2026-01-07 15:15:18,822 - run_single_tgcn - INFO - pred(real) range: -150.661 ~ 279.293
2026-01-07 15:15:18,823 - run_single_tgcn - INFO - y(real) range: 2.000 ~ 70.000
2026-01-07 15:15:18,986 - run_single_tgcn - INFO - pred(norm) range: -0.046 ~ 0.032
2026-01-07 15:15:18,987 - run_single_tgcn - INFO - pred(real) range: -161.248 ~ 290.751
2026-01-07 15:15:18,988 - run_single_tgcn - INFO - y(real) range: 4.375 ~ 70.000
2026-01-07 15:15:19,154 - run_single_tgcn - INFO - pred(norm) range: -0.042 ~ 0.037
2026-01-07 15:15:19,155 - run_single_tgcn - INFO - pred(real) range: -141.040 ~ 315.996
2026-01-07 15:15:19,156 - run_single_tgcn - INFO - y(real) range: 3.000 ~ 70.000
2026-01-07 15:15:19,317 - run_single_tgcn - INFO - pred(norm) range: -0.044 ~ 0.056
2026-01-07 15:15:19,318 - run_single_tgcn - INFO - pred(real) range: -148.741 ~ 425.583
2026-01-07 15:15:19,319 - run_single_tgcn - INFO - y(real) range: 4.375 ~ 70.000
2026-01-07 15:15:19,480 - run_single_tgcn - INFO - pred(norm) range: -0.042 ~ 0.049
2026-01-07 15:15:19,481 - run_single_tgcn - INFO - pred(real) range: -137.686 ~ 388.268
2026-01-07 15:15:19,482 - run_single_tgcn - INFO - y(real) range: 8.333 ~ 70.000
2026-01-07 15:15:19,583 - run_single_tgcn - INFO - pred(norm) range: -0.042 ~ 0.034
2026-01-07 15:15:19,583 - run_single_tgcn - INFO - pred(real) range: -139.380 ~ 300.732
2026-01-07 15:15:19,584 - run_single_tgcn - INFO - y(real) range: 12.625 ~ 70.000
2026-01-07 15:15:19,598 - run_single_tgcn - INFO - Test Results:
2026-01-07 15:15:19,598 - run_single_tgcn - INFO -   MAE: 45.161446
2026-01-07 15:15:19,598 - run_single_tgcn - INFO -   RMSE: 58.088997
2026-01-07 15:15:19,599 - run_single_tgcn - INFO -   MAPE: 98.736404
2026-01-07 15:15:19,599 - run_single_tgcn - INFO - ==================================================
2026-01-07 15:15:19,599 - run_single_tgcn - INFO - Final Test Results:
2026-01-07 15:15:19,600 - run_single_tgcn - INFO -   MAE: 45.161446
2026-01-07 15:15:19,600 - run_single_tgcn - INFO -   RMSE: 58.088997
2026-01-07 15:15:19,600 - run_single_tgcn - INFO -   MAPE: 98.736404
2026-01-07 15:15:19,600 - run_single_tgcn - INFO - ==================================================
